2 1 4 3
1 2 3 4
1
2 1 4 3 6 5
3 2 1 6 5 4
1 2
3 2 1 6 5 4 7 8
